Microsoft (R) Macro Assembler Version 6.11		    12/22/99 20:44:39
..\AFORMAT\aformat.asm					     Page 1 - 1


				;;;;;;;;;;;;;;;;;;;;;;;;;;;;;;;;;;;;;;;;;;;;;;;;;;;;;;;;;;;;;;;;;;;;;;;;;;;;;
				;				  aformat.asm
				;				   12-22-99
				;
				; Formats a 1.44M floppy using the cmh file system
				; Tracks - 80 (1 track on each side of cylinder)
				; Cylinders - 80
				; Sectors per track - 19
				; Heads - 2
				;;;;;;;;;;;;;;;;;;;;;;;;;;;;;;;;;;;;;;;;;;;;;;;;;;;;;;;;;;;;;;;;;;;;;;;;;;;;;
				.model small
				.stack 100h
 0000				.data
 0000  0200 [				buffer		db	512 dup(0ffh)
        FF
       ]
 0000				.code
 0000				start:
 0000  B8 ---- R			mov ax,@data
 0003  8E C0				mov es,ax
 0005  B4 02				mov ah,2
 0007  B0 01				mov al,1
 0009  B5 00				mov ch,0
 000B  B1 01				mov cl,1
 000D  B6 00				mov dh,0
 000F  BB 0000 R			mov bx,offset buffer
 0012  CD 13				int 13h


 0014  B8 4C00				mov ax,4c00h
 0017  CD 21				int 21h

				end start
Microsoft (R) Macro Assembler Version 6.11		    12/22/99 20:44:39
..\AFORMAT\aformat.asm					     Symbols 2 - 1




Segments and Groups:

                N a m e                 Size     Length   Align   Combine Class

DGROUP . . . . . . . . . . . . .	GROUP
_DATA  . . . . . . . . . . . . .	16 Bit	 0200	  Word	  Public  'DATA'	
STACK  . . . . . . . . . . . . .	16 Bit	 0100	  Para	  Stack	  'STACK'	 
_TEXT  . . . . . . . . . . . . .	16 Bit	 0019	  Word	  Public  'CODE'	


Symbols:

                N a m e                 Type     Value    Attr

@CodeSize  . . . . . . . . . . .	Number	 0000h	 
@DataSize  . . . . . . . . . . .	Number	 0000h	 
@Interface . . . . . . . . . . .	Number	 0000h	 
@Model . . . . . . . . . . . . .	Number	 0002h	 
@code  . . . . . . . . . . . . .	Text   	 _TEXT
@data  . . . . . . . . . . . . .	Text   	 DGROUP
@fardata?  . . . . . . . . . . .	Text   	 FAR_BSS
@fardata . . . . . . . . . . . .	Text   	 FAR_DATA
@stack . . . . . . . . . . . . .	Text   	 DGROUP
buffer . . . . . . . . . . . . .	Byte	 0000	  _DATA	
start  . . . . . . . . . . . . .	L Near	 0000	  _TEXT	

	   0 Warnings
	   0 Errors
