Microsoft (R) Macro Assembler Version 6.11		    12/26/99 11:09:44
ints.asm						     Page 1 - 1


				;ints.asm     12-26-99
				.model small
				.486p
				.stack 100h
 0000				.data
 0000				.code
 0000				start:
 0000  33 D2				xor dx,dx
 0002				      incport:
 0002  42				inc dx
 0003  EC				in al,dx
 0004  EB FC				jmp incport


 0006  B4 00				mov ah,0
 0008  CD 16				int 16h

 000A  B8 4C00				mov ax,4c00h
 000D  CD 21				int 21h
				end start
Microsoft (R) Macro Assembler Version 6.11		    12/26/99 11:09:44
ints.asm						     Symbols 2 - 1




Segments and Groups:

                N a m e                 Size     Length   Align   Combine Class

DGROUP . . . . . . . . . . . . .	GROUP
_DATA  . . . . . . . . . . . . .	16 Bit	 0000	  Word	  Public  'DATA'	
STACK  . . . . . . . . . . . . .	16 Bit	 0100	  Para	  Stack	  'STACK'	 
_TEXT  . . . . . . . . . . . . .	16 Bit	 000F	  Word	  Public  'CODE'	


Symbols:

                N a m e                 Type     Value    Attr

@CodeSize  . . . . . . . . . . .	Number	 0000h	 
@DataSize  . . . . . . . . . . .	Number	 0000h	 
@Interface . . . . . . . . . . .	Number	 0000h	 
@Model . . . . . . . . . . . . .	Number	 0002h	 
@code  . . . . . . . . . . . . .	Text   	 _TEXT
@data  . . . . . . . . . . . . .	Text   	 DGROUP
@fardata?  . . . . . . . . . . .	Text   	 FAR_BSS
@fardata . . . . . . . . . . . .	Text   	 FAR_DATA
@stack . . . . . . . . . . . . .	Text   	 DGROUP
incport  . . . . . . . . . . . .	L Near	 0002	  _TEXT	
start  . . . . . . . . . . . . .	L Near	 0000	  _TEXT	

	   0 Warnings
	   0 Errors
